------------------------------------------------------------
Timing Analyzer Summary
------------------------------------------------------------

Type  : Slow 1100mV 85C Model Setup 'clk'
Slack : -0.844
TNS   : -13.285

Type  : Slow 1100mV 85C Model Hold 'clk'
Slack : 0.328
TNS   : 0.000

Type  : Slow 1100mV 85C Model Minimum Pulse Width 'clk'
Slack : -0.394
TNS   : -11.623

Type  : Slow 1100mV 0C Model Setup 'clk'
Slack : -0.923
TNS   : -13.522

Type  : Slow 1100mV 0C Model Hold 'clk'
Slack : 0.304
TNS   : 0.000

Type  : Slow 1100mV 0C Model Minimum Pulse Width 'clk'
Slack : -0.394
TNS   : -12.810

Type  : Fast 1100mV 85C Model Setup 'clk'
Slack : -0.014
TNS   : -0.035

Type  : Fast 1100mV 85C Model Hold 'clk'
Slack : 0.184
TNS   : 0.000

Type  : Fast 1100mV 85C Model Minimum Pulse Width 'clk'
Slack : -0.080
TNS   : -1.644

Type  : Fast 1100mV 0C Model Setup 'clk'
Slack : 0.027
TNS   : 0.000

Type  : Fast 1100mV 0C Model Hold 'clk'
Slack : 0.172
TNS   : 0.000

Type  : Fast 1100mV 0C Model Minimum Pulse Width 'clk'
Slack : -0.080
TNS   : -1.708

------------------------------------------------------------
